[comunidademonster.online/presell1/mines/index778e.html]
[backblue.gif]
[fade.gif]
[index.html]
[ajax.googleapis.com/ajax/libs/jquery/3.5.1/jquery.min.js]
[connect.facebook.net/en_US/fbevents.js]
[comunidademonster.online/presell1/mines/index.html]
[comunidademonster.online/presell1/wp-content/uploads/2023/07/headlinemines.png]
[cdn.jsdelivr.net/npm/notiflix@2.6.0/dist/notiflix-aio-2.6.0.min.js]
[comunidademonster.online/presell1/wp-content/uploads/2023/07/jogando-mines.gif]
[comunidademonster.online/presell1/mines/index778e.html]
[comunidademonster.online/presell1/wp-content/plugins/elementor/assets/lib/eicons/css/elementor-icons.minfc13.css]
[comunidademonster.online/presell1/wp-content/plugins/elementor/assets/css/frontend-lite.mina44d.css]
[comunidademonster.online/presell1/wp-content/plugins/elementor/assets/lib/swiper/v8/css/swiper.min94a4.css]
[comunidademonster.online/presell1/wp-content/uploads/elementor/css/post-5ea65.css]
[comunidademonster.online/presell1/wp-content/uploads/elementor/css/globald9dc.css]
[comunidademonster.online/presell1/wp-content/uploads/2023/06/a4148f47-57d7-48e5-9930-fe4844c05385.jpg]
[comunidademonster.online/presell1/wp-content/uploads/elementor/css/post-4471fac.css]
[comunidademonster.online/presell1/wp-content/plugins/elementor/assets/lib/font-awesome/css/fontawesome.min52d5.css]
[comunidademonster.online/presell1/wp-content/plugins/elementor/assets/lib/font-awesome/css/regular.min52d5.css]
[comunidademonster.online/presell1/wp-content/plugins/elementor/assets/lib/font-awesome/css/solid.min52d5.css]
[comunidademonster.online/presell1/wp-includes/js/jquery/jquery.min5aed.js]
[comunidademonster.online/presell1/wp-includes/js/jquery/jquery-migrate.min6b00.js]
[comunidademonster.online/presell1/wp-content/plugins/pixelyoursite/dist/scripts/jquery.bind-first-0.2.3.min3781.js]
[comunidademonster.online/presell1/wp-content/plugins/pixelyoursite/dist/scripts/js.cookie-2.1.3.min4c71.js]
[comunidademonster.online/presell1/wp-content/plugins/pixelyoursite/dist/scripts/publicbb57.js]
[comunidademonster.online/presell1/mines/index.html]
[comunidademonster.online/presell1/mines/c]
[comunidademonster.online/presell1/mines/POST]
[comunidademonster.online/presell1/mines/schema.org/index.html]
[comunidademonster.online/signals/iwl.js]
[connect.facebook.net/en_US/fbevents.js]
[comunidademonster.online/presell1/wp-content/plugins/elementor/assets/lib/animations/animations.mina44d.css]
[comunidademonster.online/presell1/wp-content/plugins/elementor/assets/js/webpack.runtime.mina44d.js]
[comunidademonster.online/presell1/wp-content/plugins/elementor/assets/js/frontend-modules.mina44d.js]
[comunidademonster.online/presell1/wp-content/plugins/elementor/assets/lib/waypoints/waypoints.min05da.js]
[comunidademonster.online/presell1/wp-includes/js/jquery/ui/core.min3f14.js]
[comunidademonster.online/presell1/mines/-negative.svg]
[comunidademonster.online/presell1/wp-content/plugins/elementor/assets/js/frontend.mina44d.js]
[comunidademonster.online/presell1/mines/c.html]
[comunidademonster.online/presell1/mines/POST.html]
[comunidademonster.online/presell1/mines/schema.org/index.html]
[comunidademonster.online/signals/iwl.html]
[comunidademonster.online/presell1/mines/-negative.html]
[comunidademonster.online/presell1/mines/OPR/index.html]
[comunidademonster.online/presell1/mines/OPR/index.html]
